[dotenv@17.2.4] injecting env (9) from .env -- tip: ΓÜÖ∩╕Å  load multiple .env files with { path: ['.env.local', '.env'] }
[dotenv@17.2.4] injecting env (0) from .env -- tip: ΓÜÖ∩╕Å  write to custom object with { processEnv: myObject }
Connecting to MONGO_URI...
Connected to MongoDB
Testing AI Insights for user: 69becfb14a6bd7ab9f99182f
AI Insights Result (DEBUG): {
  "summary": "I'm currently unable to analyze your data in detail, but your general spending seems consistent.",
  "recommendations": [
    "Regularly monitor your peak-hour electricity usage.",
    "Compare your current water usage with previous seasonal averages.",
    "Ensure your monthly goals are realistic based on historical data."
  ],
  "status": "on-track",
  "highlight_category": "General"
}
Error generating cost insights: GoogleGenerativeAIFetchError: [GoogleGenerativeAI Error]: Error fetching from https://generativelanguage.googleapis.com/v1beta/models/gemini-1.5-flash:generateContent: [400 Bad Request] API key expired. Please renew the API key. [{"@type":"type.googleapis.com/google.rpc.ErrorInfo","reason":"API_KEY_INVALID","domain":"googleapis.com","metadata":{"service":"generativelanguage.googleapis.com"}},{"@type":"type.googleapis.com/google.rpc.LocalizedMessage","locale":"en-US","message":"API key expired. Please renew the API key."}]
    at handleResponseNotOk (D:\Programming\SLIIT\AF\flux-energy-audit\backend\node_modules\@google\generative-ai\dist\index.js:434:11)
    at process.processTicksAndRejections (node:internal/process/task_queues:105:5)
    at async makeRequest (D:\Programming\SLIIT\AF\flux-energy-audit\backend\node_modules\@google\generative-ai\dist\index.js:403:9)
    at async generateContent (D:\Programming\SLIIT\AF\flux-energy-audit\backend\node_modules\@google\generative-ai\dist\index.js:867:22)
    at async callGemini (D:\Programming\SLIIT\AF\flux-energy-audit\backend\src\services\geminiService.js:15:24)
    at async exports.generateCostInsights (D:\Programming\SLIIT\AF\flux-energy-audit\backend\src\services\geminiService.js:205:16)
    at async Object.getAIInsights (D:\Programming\SLIIT\AF\flux-energy-audit\backend\src\services\costManagement.service.js:389:12)
    at async test (D:\Programming\SLIIT\AF\flux-energy-audit\backend\test_ai_insights.js:22:30) {
  status: 400,
  statusText: 'Bad Request',
  errorDetails: [
    {
      '@type': 'type.googleapis.com/google.rpc.ErrorInfo',
      reason: 'API_KEY_INVALID',
      domain: 'googleapis.com',
      metadata: [Object]
    },
    {
      '@type': 'type.googleapis.com/google.rpc.LocalizedMessage',
      locale: 'en-US',
      message: 'API key expired. Please renew the API key.'
    }
  ]
}
